2001
0
[101, 102, 103, 104, 105]
[0, 1, 2, 3, 4, 5, 6, 7, 8, 9]
[1, 2, 3, 4, 5, 6, 7, 8, 9]
0
0
[0, 1, 2, 3, 4, 5, 6, 7, 8, 9, 10]
[103, 104, 105]
[998, 999, 1000]
[0, 1, 2]
[-1000, -999, -998]
false
true
[5, 4, 3, 2, 1, 0]
[1, 1, 2, 6, 24, 120]
true
false
[10, 10, 10, 10]
