(`a, 35)
(`a, (`a, 35))
1
2
3
4
'(`a, 35)
2
'(g (`a, 35))
'(`a, (`a, 35))
1
2
3
4
