81
65536
78125
81
65536
78125
81
65536
78125
81
65536
78125
