'3628800
'(10 * (fact 9))
'(10 * (9 * (fact 8)))
'(10 * (9 * (8 * (7 * (6 * (fact 5))))))
'3628800
