400000
200000
400000
200000
400000000
200000000
400000000
200000000
