3000
10000001
[2, 3, 5, 7, 11, 13, 17, 19, 23, 29]
541
7919
7919
57131
57131
104729
104729
