6
4
7
9
6
40
3
7
9
6
30
2
7
9
6
20
1
7
9
6
10
0
7
()
6
4
7
9
40
6
3
7
9
30
6
2
7
9
20
6
1
7
9
10
6
0
7
()
