1
0
1
0
1
0
1
0
1
0
7
1
1
1
1
1
0
0
0
0
0
7
2
3
6
2
7
3
6
7
2
3
6
8
7
9
18
7
8
9
18
7
8
9
18
7
7
8
4
1
7
7
7
7
7
7
1
1
1
1
1
1
1
1
1
1
3
1
2
