158
3720
3456118
432176
178
-115
true
true
false
false
false
-79
-51
11
-79
-51
11
-79
11
